I'm sorry, but errors were detected in your script. Please correct the
errors listed below, and try again.


File "game/script.rpy", line 66: expected statement.
    ie
      ^

Ren'Py Version: Ren'Py 8.1.3.23091805
Thu Nov 23 14:32:47 2023
